2024-12-12 20:08:40 Ошибка соединения с БД: НЕКОРРЕКТНЫЙ ФАЙЛ БД. КРИТИЧЕСКАЯ ОШИБКА
2024-12-12 20:08:40 Сокет создан
2024-12-12 20:08:40 Привязка сокета успешна
2024-12-12 20:14:34 Путь к лог файлу: test_log.txt
2024-12-12 20:14:34 Путь к файлу БД: test_base.txt
2024-12-12 20:14:34 Используемый порт: 12345
2024-12-12 20:15:39 Путь к лог файлу: test_log.txt
2024-12-12 20:15:39 Путь к файлу БД: test_base.txt
2024-12-12 20:15:39 Используемый порт: 12345
2024-12-12 20:16:03 Путь к лог файлу: test_log.txt
2024-12-12 20:16:03 Путь к файлу БД: test_base.txt
2024-12-12 20:16:03 Используемый порт: 12345
2024-12-12 20:17:10 Путь к лог файлу: test_log.txt
2024-12-12 20:17:10 Путь к файлу БД: test_base.txt
2024-12-12 20:17:10 Используемый порт: 12345
2024-12-12 20:17:49 Путь к лог файлу: test_log.txt
2024-12-12 20:17:49 Путь к файлу БД: test_base.txt
2024-12-12 20:17:49 Используемый порт: 12345
2024-12-12 20:17:49 Путь к лог файлу: test_log.txt
2024-12-12 20:17:49 Путь к файлу БД: test_base.txt
2024-12-12 20:17:49 Используемый порт: 1024
2024-12-12 20:17:49 Путь к лог файлу: test_log.txt
2024-12-12 20:17:49 Путь к файлу БД: test_base.txt
2024-12-12 20:17:49 Используемый порт: 65535
2024-12-12 20:18:29 Путь к лог файлу: test_log.txt
2024-12-12 20:18:29 Путь к файлу БД: test_base.txt
2024-12-12 20:18:29 Используемый порт: 12345
2024-12-12 20:18:29 Путь к лог файлу: test_log.txt
2024-12-12 20:18:29 Путь к файлу БД: test_base.txt
2024-12-12 20:18:29 Используемый порт: 1024
2024-12-12 20:18:29 Путь к лог файлу: test_log.txt
2024-12-12 20:18:29 Путь к файлу БД: test_base.txt
2024-12-12 20:18:29 Используемый порт: 65535
2024-12-12 20:18:55 Путь к лог файлу: test_log.txt
2024-12-12 20:18:55 Путь к файлу БД: test_base.txt
2024-12-12 20:18:55 Используемый порт: 12345
2024-12-12 20:18:55 Путь к лог файлу: test_log.txt
2024-12-12 20:18:55 Путь к файлу БД: test_base.txt
2024-12-12 20:18:55 Используемый порт: 1024
2024-12-12 20:18:55 Путь к лог файлу: test_log.txt
2024-12-12 20:18:55 Путь к файлу БД: test_base.txt
2024-12-12 20:18:55 Используемый порт: 65535
2024-12-12 20:18:55 Путь к лог файлу: test_log.txt
2024-12-12 20:18:55 Путь к файлу БД: test_base.txt
2024-12-12 20:18:55 Используемый порт: 12345
2024-12-12 20:19:55 Путь к лог файлу: test_log.txt
2024-12-12 20:19:55 Путь к файлу БД: test_base.txt
2024-12-12 20:19:55 Используемый порт: 12345
2024-12-12 20:19:55 Путь к лог файлу: test_log.txt
2024-12-12 20:19:55 Путь к файлу БД: test_base.txt
2024-12-12 20:19:55 Используемый порт: 1024
2024-12-12 20:19:55 Путь к лог файлу: test_log.txt
2024-12-12 20:19:55 Путь к файлу БД: test_base.txt
2024-12-12 20:19:55 Используемый порт: 65535
2024-12-12 20:19:55 Путь к лог файлу: test_log.txt
2024-12-12 20:19:55 Путь к файлу БД: test_base.txt
2024-12-12 20:19:55 Используемый порт: 12345
2024-12-12 20:40:19 Путь к лог файлу: test_log.txt
2024-12-12 20:40:19 Путь к файлу БД: test_base.txt
2024-12-12 20:40:19 Используемый порт: 12345
2024-12-12 20:40:19 Путь к лог файлу: test_log.txt
2024-12-12 20:40:19 Путь к файлу БД: test_base.txt
2024-12-12 20:40:19 Используемый порт: 1024
2024-12-12 20:40:19 Путь к лог файлу: test_log.txt
2024-12-12 20:40:19 Путь к файлу БД: test_base.txt
2024-12-12 20:40:19 Используемый порт: 65535
2024-12-12 20:40:19 Путь к лог файлу: test_log.txt
2024-12-12 20:40:19 Путь к файлу БД: test_base.txt
2024-12-12 20:40:19 Используемый порт: 12345
2024-12-12 20:52:54 Путь к лог файлу: test_log.txt
2024-12-12 20:52:54 Путь к файлу БД: test_base.txt
2024-12-12 20:52:54 Используемый порт: 12345
2024-12-12 20:52:54 Путь к лог файлу: test_log.txt
2024-12-12 20:52:54 Путь к файлу БД: test_base.txt
2024-12-12 20:52:54 Используемый порт: 1024
2024-12-12 20:52:54 Путь к лог файлу: test_log.txt
2024-12-12 20:52:54 Путь к файлу БД: test_base.txt
2024-12-12 20:52:54 Используемый порт: 65535
2024-12-12 20:52:54 Путь к лог файлу: test_log.txt
2024-12-12 20:52:54 Путь к файлу БД: test_base.txt
2024-12-12 20:52:54 Используемый порт: 12345
2024-12-12 20:53:18 Путь к лог файлу: test_log.txt
2024-12-12 20:53:18 Путь к файлу БД: test_base.txt
2024-12-12 20:53:18 Используемый порт: 12345
2024-12-12 20:53:18 Путь к лог файлу: test_log.txt
2024-12-12 20:53:18 Путь к файлу БД: test_base.txt
2024-12-12 20:53:18 Используемый порт: 1024
2024-12-12 20:53:18 Путь к лог файлу: test_log.txt
2024-12-12 20:53:18 Путь к файлу БД: test_base.txt
2024-12-12 20:53:18 Используемый порт: 65535
2024-12-12 20:53:18 Путь к лог файлу: test_log.txt
2024-12-12 20:53:18 Путь к файлу БД: test_base.txt
2024-12-12 20:53:18 Используемый порт: 12345
2024-12-12 20:55:17 Путь к лог файлу: test_log.txt
2024-12-12 20:55:17 Путь к файлу БД: test_base.txt
2024-12-12 20:55:17 Используемый порт: 12345
2024-12-12 20:55:17 Путь к лог файлу: test_log.txt
2024-12-12 20:55:17 Путь к файлу БД: test_base.txt
2024-12-12 20:55:17 Используемый порт: 1024
2024-12-12 20:55:17 Путь к лог файлу: test_log.txt
2024-12-12 20:55:17 Путь к файлу БД: test_base.txt
2024-12-12 20:55:17 Используемый порт: 65535
2024-12-12 20:55:17 Путь к лог файлу: test_log.txt
2024-12-12 20:55:17 Путь к файлу БД: test_base.txt
2024-12-12 20:55:17 Используемый порт: 12345
2024-12-12 20:56:06 Путь к лог файлу: test_log.txt
2024-12-12 20:56:06 Путь к файлу БД: test_base.txt
2024-12-12 20:56:06 Используемый порт: 12345
2024-12-12 20:56:06 Путь к лог файлу: test_log.txt
2024-12-12 20:56:06 Путь к файлу БД: test_base.txt
2024-12-12 20:56:06 Используемый порт: 1024
2024-12-12 20:56:06 Путь к лог файлу: test_log.txt
2024-12-12 20:56:06 Путь к файлу БД: test_base.txt
2024-12-12 20:56:06 Используемый порт: 65535
2024-12-12 20:56:06 Путь к лог файлу: test_log.txt
2024-12-12 20:56:06 Путь к файлу БД: test_base.txt
2024-12-12 20:56:06 Используемый порт: 12345
2024-12-12 21:00:05 Путь к лог файлу: test_log.txt
2024-12-12 21:00:05 Путь к файлу БД: test_base.txt
2024-12-12 21:00:05 Используемый порт: 12345
2024-12-12 21:00:05 Путь к лог файлу: test_log.txt
2024-12-12 21:00:05 Путь к файлу БД: test_base.txt
2024-12-12 21:00:05 Используемый порт: 1024
2024-12-12 21:00:05 Путь к лог файлу: test_log.txt
2024-12-12 21:00:05 Путь к файлу БД: test_base.txt
2024-12-12 21:00:05 Используемый порт: 65535
2024-12-12 21:00:05 Путь к лог файлу: test_log.txt
2024-12-12 21:00:05 Путь к файлу БД: test_base.txt
2024-12-12 21:00:05 Используемый порт: 12345
2024-12-12 21:07:33 Путь к лог файлу: test_log.txt
2024-12-12 21:07:33 Путь к файлу БД: test_base.txt
2024-12-12 21:07:33 Используемый порт: 12345
2024-12-12 21:07:33 Путь к лог файлу: test_log.txt
2024-12-12 21:07:33 Путь к файлу БД: test_base.txt
2024-12-12 21:07:33 Используемый порт: 1024
2024-12-12 21:07:33 Путь к лог файлу: test_log.txt
2024-12-12 21:07:33 Путь к файлу БД: test_base.txt
2024-12-12 21:07:33 Используемый порт: 65535
2024-12-12 21:07:33 Путь к лог файлу: test_log.txt
2024-12-12 21:07:33 Путь к файлу БД: test_base.txt
2024-12-12 21:07:33 Используемый порт: 12345
2024-12-12 21:07:51 Путь к лог файлу: test_log.txt
2024-12-12 21:07:51 Путь к файлу БД: test_base.txt
2024-12-12 21:07:51 Используемый порт: 12345
2024-12-12 21:07:51 Путь к лог файлу: test_log.txt
2024-12-12 21:07:51 Путь к файлу БД: test_base.txt
2024-12-12 21:07:51 Используемый порт: 1024
2024-12-12 21:07:51 Путь к лог файлу: test_log.txt
2024-12-12 21:07:51 Путь к файлу БД: test_base.txt
2024-12-12 21:07:51 Используемый порт: 65535
2024-12-12 21:07:51 Путь к лог файлу: test_log.txt
2024-12-12 21:07:51 Путь к файлу БД: test_base.txt
2024-12-12 21:07:51 Используемый порт: 12345
2024-12-12 21:10:52 Путь к лог файлу: test_log.txt
2024-12-12 21:10:52 Путь к файлу БД: test_base.txt
2024-12-12 21:10:52 Используемый порт: 12345
2024-12-12 21:10:52 Путь к лог файлу: test_log.txt
2024-12-12 21:10:52 Путь к файлу БД: test_base.txt
2024-12-12 21:10:52 Используемый порт: 1024
2024-12-12 21:10:52 Путь к лог файлу: test_log.txt
2024-12-12 21:10:52 Путь к файлу БД: test_base.txt
2024-12-12 21:10:52 Используемый порт: 65535
2024-12-12 21:10:52 Путь к лог файлу: test_log.txt
2024-12-12 21:10:52 Путь к файлу БД: test_base.txt
2024-12-12 21:10:52 Используемый порт: 12345
2024-12-12 21:11:30 Путь к лог файлу: test_log.txt
2024-12-12 21:11:30 Путь к файлу БД: test_base.txt
2024-12-12 21:11:30 Используемый порт: 12345
2024-12-12 21:11:30 Путь к лог файлу: test_log.txt
2024-12-12 21:11:30 Путь к файлу БД: test_base.txt
2024-12-12 21:11:30 Используемый порт: 1024
2024-12-12 21:11:30 Путь к лог файлу: test_log.txt
2024-12-12 21:11:30 Путь к файлу БД: test_base.txt
2024-12-12 21:11:30 Используемый порт: 65535
2024-12-12 21:11:30 Путь к лог файлу: test_log.txt
2024-12-12 21:11:30 Путь к файлу БД: test_base.txt
2024-12-12 21:11:30 Используемый порт: 12345
2024-12-12 21:11:44 Путь к лог файлу: test_log.txt
2024-12-12 21:11:44 Путь к файлу БД: test_base.txt
2024-12-12 21:11:44 Используемый порт: 12345
2024-12-12 21:11:44 Путь к лог файлу: test_log.txt
2024-12-12 21:11:44 Путь к файлу БД: test_base.txt
2024-12-12 21:11:44 Используемый порт: 1024
2024-12-12 21:11:44 Путь к лог файлу: test_log.txt
2024-12-12 21:11:44 Путь к файлу БД: test_base.txt
2024-12-12 21:11:44 Используемый порт: 65535
2024-12-12 21:11:44 Путь к лог файлу: test_log.txt
2024-12-12 21:11:44 Путь к файлу БД: test_base.txt
2024-12-12 21:11:44 Используемый порт: 12345
2024-12-12 21:13:13 Путь к лог файлу: test_log.txt
2024-12-12 21:13:13 Путь к файлу БД: test_base.txt
2024-12-12 21:13:13 Используемый порт: 12345
2024-12-12 21:13:13 Путь к лог файлу: test_log.txt
2024-12-12 21:13:13 Путь к файлу БД: test_base.txt
2024-12-12 21:13:13 Используемый порт: 1024
2024-12-12 21:13:13 Путь к лог файлу: test_log.txt
2024-12-12 21:13:13 Путь к файлу БД: test_base.txt
2024-12-12 21:13:13 Используемый порт: 65535
2024-12-12 21:13:13 Путь к лог файлу: test_log.txt
2024-12-12 21:13:13 Путь к файлу БД: test_base.txt
2024-12-12 21:13:13 Используемый порт: 12345
2024-12-12 21:13:27 Путь к лог файлу: test_log.txt
2024-12-12 21:13:27 Путь к файлу БД: test_base.txt
2024-12-12 21:13:27 Используемый порт: 12345
2024-12-12 21:13:27 Путь к лог файлу: test_log.txt
2024-12-12 21:13:27 Путь к файлу БД: test_base.txt
2024-12-12 21:13:27 Используемый порт: 1024
2024-12-12 21:13:27 Путь к лог файлу: test_log.txt
2024-12-12 21:13:27 Путь к файлу БД: test_base.txt
2024-12-12 21:13:27 Используемый порт: 65535
2024-12-12 21:13:27 Путь к лог файлу: test_log.txt
2024-12-12 21:13:27 Путь к файлу БД: test_base.txt
2024-12-12 21:13:27 Используемый порт: 12345
2024-12-12 21:20:12 Путь к лог файлу: test_log.txt
2024-12-12 21:20:12 Путь к файлу БД: test_base.txt
2024-12-12 21:20:12 Используемый порт: 12345
2024-12-12 21:20:12 Путь к лог файлу: test_log.txt
2024-12-12 21:20:12 Путь к файлу БД: test_base.txt
2024-12-12 21:20:12 Используемый порт: 1024
2024-12-12 21:20:12 Путь к лог файлу: test_log.txt
2024-12-12 21:20:12 Путь к файлу БД: test_base.txt
2024-12-12 21:20:12 Используемый порт: 65535
2024-12-12 21:20:12 Путь к лог файлу: test_log.txt
2024-12-12 21:20:12 Путь к файлу БД: test_base.txt
2024-12-12 21:20:12 Используемый порт: 12345
2024-12-12 21:20:28 Путь к лог файлу: test_log.txt
2024-12-12 21:20:28 Путь к файлу БД: test_base.txt
2024-12-12 21:20:28 Используемый порт: 12345
2024-12-12 21:20:28 Путь к лог файлу: test_log.txt
2024-12-12 21:20:28 Путь к файлу БД: test_base.txt
2024-12-12 21:20:28 Используемый порт: 1024
2024-12-12 21:20:28 Путь к лог файлу: test_log.txt
2024-12-12 21:20:28 Путь к файлу БД: test_base.txt
2024-12-12 21:20:28 Используемый порт: 65535
2024-12-12 21:20:28 Путь к лог файлу: test_log.txt
2024-12-12 21:20:28 Путь к файлу БД: test_base.txt
2024-12-12 21:20:28 Используемый порт: 12345
2024-12-13 11:52:29 Путь к лог файлу: test_log.txt
2024-12-13 11:52:29 Путь к файлу БД: test_base.txt
2024-12-13 11:52:29 Используемый порт: 12345
2024-12-13 11:52:29 Путь к лог файлу: test_log.txt
2024-12-13 11:52:29 Путь к файлу БД: test_base.txt
2024-12-13 11:52:29 Используемый порт: 1024
2024-12-13 11:52:29 Путь к лог файлу: test_log.txt
2024-12-13 11:52:29 Путь к файлу БД: test_base.txt
2024-12-13 11:52:29 Используемый порт: 65535
2024-12-13 11:52:29 Путь к лог файлу: test_log.txt
2024-12-13 11:52:29 Путь к файлу БД: test_base.txt
2024-12-13 11:52:29 Используемый порт: 12345
2024-12-13 11:52:55 Путь к лог файлу: test_log.txt
2024-12-13 11:52:55 Путь к файлу БД: test_base.txt
2024-12-13 11:52:55 Используемый порт: 12345
2024-12-13 11:52:55 Путь к лог файлу: test_log.txt
2024-12-13 11:52:55 Путь к файлу БД: test_base.txt
2024-12-13 11:52:55 Используемый порт: 1024
2024-12-13 11:52:55 Путь к лог файлу: test_log.txt
2024-12-13 11:52:55 Путь к файлу БД: test_base.txt
2024-12-13 11:52:55 Используемый порт: 65535
2024-12-13 11:52:55 Путь к лог файлу: test_log.txt
2024-12-13 11:52:55 Путь к файлу БД: test_base.txt
2024-12-13 11:52:55 Используемый порт: 12345
2024-12-13 11:55:08 Путь к лог файлу: test_log.txt
2024-12-13 11:55:08 Путь к файлу БД: test_base.txt
2024-12-13 11:55:08 Используемый порт: 12345
2024-12-13 11:55:08 Путь к лог файлу: test_log.txt
2024-12-13 11:55:08 Путь к файлу БД: test_base.txt
2024-12-13 11:55:08 Используемый порт: 1024
2024-12-13 11:55:08 Путь к лог файлу: test_log.txt
2024-12-13 11:55:08 Путь к файлу БД: test_base.txt
2024-12-13 11:55:08 Используемый порт: 65535
2024-12-13 11:55:08 Путь к лог файлу: test_log.txt
2024-12-13 11:55:08 Путь к файлу БД: test_base.txt
2024-12-13 11:55:08 Используемый порт: 12345
2024-12-13 11:58:08 Путь к лог файлу: test_log.txt
2024-12-13 11:58:08 Путь к файлу БД: test_base.txt
2024-12-13 11:58:08 Используемый порт: 12345
2024-12-13 11:58:08 Путь к лог файлу: test_log.txt
2024-12-13 11:58:08 Путь к файлу БД: test_base.txt
2024-12-13 11:58:08 Используемый порт: 1024
2024-12-13 11:58:08 Путь к лог файлу: test_log.txt
2024-12-13 11:58:08 Путь к файлу БД: test_base.txt
2024-12-13 11:58:08 Используемый порт: 65535
2024-12-13 11:58:08 Путь к лог файлу: test_log.txt
2024-12-13 11:58:08 Путь к файлу БД: test_base.txt
2024-12-13 11:58:08 Используемый порт: 12345
2024-12-13 11:58:40 Путь к лог файлу: test_log.txt
2024-12-13 11:58:40 Путь к файлу БД: test_base.txt
2024-12-13 11:58:40 Используемый порт: 12345
2024-12-13 11:58:40 Путь к лог файлу: test_log.txt
2024-12-13 11:58:40 Путь к файлу БД: test_base.txt
2024-12-13 11:58:40 Используемый порт: 1024
2024-12-13 11:58:40 Путь к лог файлу: test_log.txt
2024-12-13 11:58:40 Путь к файлу БД: test_base.txt
2024-12-13 11:58:40 Используемый порт: 65535
2024-12-13 11:58:40 Путь к лог файлу: test_log.txt
2024-12-13 11:58:40 Путь к файлу БД: test_base.txt
2024-12-13 11:58:40 Используемый порт: 12345
2024-12-13 11:59:05 Путь к лог файлу: test_log.txt
2024-12-13 11:59:05 Путь к файлу БД: test_base.txt
2024-12-13 11:59:05 Используемый порт: 12345
2024-12-13 11:59:05 Путь к лог файлу: test_log.txt
2024-12-13 11:59:05 Путь к файлу БД: test_base.txt
2024-12-13 11:59:05 Используемый порт: 1024
2024-12-13 11:59:05 Путь к лог файлу: test_log.txt
2024-12-13 11:59:05 Путь к файлу БД: test_base.txt
2024-12-13 11:59:05 Используемый порт: 65535
2024-12-13 11:59:05 Путь к лог файлу: test_log.txt
2024-12-13 11:59:05 Путь к файлу БД: test_base.txt
2024-12-13 11:59:05 Используемый порт: 12345
2024-12-13 12:10:00 Путь к лог файлу: test_log.txt
2024-12-13 12:10:00 Путь к файлу БД: test_base.txt
2024-12-13 12:10:00 Используемый порт: 12345
2024-12-13 12:10:00 Путь к лог файлу: test_log.txt
2024-12-13 12:10:00 Путь к файлу БД: test_base.txt
2024-12-13 12:10:00 Используемый порт: 1024
2024-12-13 12:10:00 Путь к лог файлу: test_log.txt
2024-12-13 12:10:00 Путь к файлу БД: test_base.txt
2024-12-13 12:10:00 Используемый порт: 65535
2024-12-13 12:10:00 Путь к лог файлу: test_log.txt
2024-12-13 12:10:00 Путь к файлу БД: test_base.txt
2024-12-13 12:10:00 Используемый порт: 12345
2024-12-13 12:24:27 Путь к лог файлу: test_log.txt
2024-12-13 12:24:27 Путь к файлу БД: test_base.txt
2024-12-13 12:24:27 Используемый порт: 12345
2024-12-13 12:24:27 Путь к лог файлу: test_log.txt
2024-12-13 12:24:27 Путь к файлу БД: test_base.txt
2024-12-13 12:24:27 Используемый порт: 1024
2024-12-13 12:24:27 Путь к лог файлу: test_log.txt
2024-12-13 12:24:27 Путь к файлу БД: test_base.txt
2024-12-13 12:24:27 Используемый порт: 65535
2024-12-13 12:24:27 Путь к лог файлу: test_log.txt
2024-12-13 12:24:27 Путь к файлу БД: test_base.txt
2024-12-13 12:24:27 Используемый порт: 12345
2024-12-13 12:25:02 Путь к лог файлу: test_log.txt
2024-12-13 12:25:02 Путь к файлу БД: test_base.txt
2024-12-13 12:25:02 Используемый порт: 12345
2024-12-13 12:25:02 Путь к лог файлу: test_log.txt
2024-12-13 12:25:02 Путь к файлу БД: test_base.txt
2024-12-13 12:25:02 Используемый порт: 1024
2024-12-13 12:25:02 Путь к лог файлу: test_log.txt
2024-12-13 12:25:02 Путь к файлу БД: test_base.txt
2024-12-13 12:25:02 Используемый порт: 65535
2024-12-13 12:25:02 Путь к лог файлу: test_log.txt
2024-12-13 12:25:02 Путь к файлу БД: test_base.txt
2024-12-13 12:25:02 Используемый порт: 12345
2024-12-13 12:25:10 Путь к лог файлу: test_log.txt
2024-12-13 12:25:10 Путь к файлу БД: test_base.txt
2024-12-13 12:25:10 Используемый порт: 12345
2024-12-13 12:25:10 Путь к лог файлу: test_log.txt
2024-12-13 12:25:10 Путь к файлу БД: test_base.txt
2024-12-13 12:25:10 Используемый порт: 1024
2024-12-13 12:25:10 Путь к лог файлу: test_log.txt
2024-12-13 12:25:10 Путь к файлу БД: test_base.txt
2024-12-13 12:25:10 Используемый порт: 65535
2024-12-13 12:25:10 Путь к лог файлу: test_log.txt
2024-12-13 12:25:10 Путь к файлу БД: test_base.txt
2024-12-13 12:25:10 Используемый порт: 12345
2024-12-13 12:35:49 Путь к лог файлу: test_log.txt
2024-12-13 12:35:49 Путь к файлу БД: test_base.txt
2024-12-13 12:35:49 Используемый порт: 12345
2024-12-13 12:35:49 Путь к лог файлу: test_log.txt
2024-12-13 12:35:49 Путь к файлу БД: test_base.txt
2024-12-13 12:35:49 Используемый порт: 1024
2024-12-13 12:35:49 Путь к лог файлу: test_log.txt
2024-12-13 12:35:49 Путь к файлу БД: test_base.txt
2024-12-13 12:35:49 Используемый порт: 65535
2024-12-13 12:35:49 Путь к лог файлу: test_log.txt
2024-12-13 12:35:49 Путь к файлу БД: test_base.txt
2024-12-13 12:35:49 Используемый порт: 12345
2024-12-13 12:36:10 Путь к лог файлу: test_log.txt
2024-12-13 12:36:10 Путь к файлу БД: test_base.txt
2024-12-13 12:36:10 Используемый порт: 12345
2024-12-13 12:36:10 Путь к лог файлу: test_log.txt
2024-12-13 12:36:10 Путь к файлу БД: test_base.txt
2024-12-13 12:36:10 Используемый порт: 1024
2024-12-13 12:36:10 Путь к лог файлу: test_log.txt
2024-12-13 12:36:10 Путь к файлу БД: test_base.txt
2024-12-13 12:36:10 Используемый порт: 65535
2024-12-13 12:36:10 Путь к лог файлу: test_log.txt
2024-12-13 12:36:10 Путь к файлу БД: test_base.txt
2024-12-13 12:36:10 Используемый порт: 12345
2024-12-13 20:22:04 Путь к лог файлу: test_log.txt
2024-12-13 20:22:04 Путь к файлу БД: test_base.txt
2024-12-13 20:22:04 Используемый порт: 12345
2024-12-13 20:22:04 Путь к лог файлу: test_log.txt
2024-12-13 20:22:04 Путь к файлу БД: test_base.txt
2024-12-13 20:22:04 Используемый порт: 1024
2024-12-13 20:22:04 Путь к лог файлу: test_log.txt
2024-12-13 20:22:04 Путь к файлу БД: test_base.txt
2024-12-13 20:22:04 Используемый порт: 65535
2024-12-13 20:22:04 Путь к лог файлу: test_log.txt
2024-12-13 20:22:04 Путь к файлу БД: test_base.txt
2024-12-13 20:22:04 Используемый порт: 12345
2024-12-13 20:22:19 Путь к лог файлу: test_log.txt
2024-12-13 20:22:19 Путь к файлу БД: test_base.txt
2024-12-13 20:22:19 Используемый порт: 12345
2024-12-13 20:22:19 Путь к лог файлу: test_log.txt
2024-12-13 20:22:19 Путь к файлу БД: test_base.txt
2024-12-13 20:22:19 Используемый порт: 1024
2024-12-13 20:22:19 Путь к лог файлу: test_log.txt
2024-12-13 20:22:19 Путь к файлу БД: test_base.txt
2024-12-13 20:22:19 Используемый порт: 65535
2024-12-13 20:22:19 Путь к лог файлу: test_log.txt
2024-12-13 20:22:19 Путь к файлу БД: test_base.txt
2024-12-13 20:22:19 Используемый порт: 12345
2024-12-13 20:22:38 Путь к лог файлу: test_log.txt
2024-12-13 20:22:38 Путь к файлу БД: test_base.txt
2024-12-13 20:22:38 Используемый порт: 12345
2024-12-13 20:22:38 Путь к лог файлу: test_log.txt
2024-12-13 20:22:38 Путь к файлу БД: test_base.txt
2024-12-13 20:22:38 Используемый порт: 1024
2024-12-13 20:22:38 Путь к лог файлу: test_log.txt
2024-12-13 20:22:38 Путь к файлу БД: test_base.txt
2024-12-13 20:22:38 Используемый порт: 65535
2024-12-13 20:22:38 Путь к лог файлу: test_log.txt
2024-12-13 20:22:38 Путь к файлу БД: test_base.txt
2024-12-13 20:22:38 Используемый порт: 12345
2024-12-13 20:26:18 Путь к лог файлу: test_log.txt
2024-12-13 20:26:18 Путь к файлу БД: test_base.txt
2024-12-13 20:26:18 Используемый порт: 12345
2024-12-13 20:26:18 Путь к лог файлу: test_log.txt
2024-12-13 20:26:18 Путь к файлу БД: test_base.txt
2024-12-13 20:26:18 Используемый порт: 1024
2024-12-13 20:26:18 Путь к лог файлу: test_log.txt
2024-12-13 20:26:18 Путь к файлу БД: test_base.txt
2024-12-13 20:26:18 Используемый порт: 65535
2024-12-13 20:26:18 Путь к лог файлу: test_log.txt
2024-12-13 20:26:18 Путь к файлу БД: test_base.txt
2024-12-13 20:26:18 Используемый порт: 12345
2024-12-13 20:26:39 Путь к лог файлу: test_log.txt
2024-12-13 20:26:39 Путь к файлу БД: test_base.txt
2024-12-13 20:26:39 Используемый порт: 12345
2024-12-13 20:26:39 Путь к лог файлу: test_log.txt
2024-12-13 20:26:39 Путь к файлу БД: test_base.txt
2024-12-13 20:26:39 Используемый порт: 1024
2024-12-13 20:26:39 Путь к лог файлу: test_log.txt
2024-12-13 20:26:39 Путь к файлу БД: test_base.txt
2024-12-13 20:26:39 Используемый порт: 65535
2024-12-13 20:26:39 Путь к лог файлу: test_log.txt
2024-12-13 20:26:39 Путь к файлу БД: test_base.txt
2024-12-13 20:26:39 Используемый порт: 12345
2024-12-13 20:27:02 Путь к лог файлу: test_log.txt
2024-12-13 20:27:02 Путь к файлу БД: test_base.txt
2024-12-13 20:27:02 Используемый порт: 12345
2024-12-13 20:27:02 Путь к лог файлу: test_log.txt
2024-12-13 20:27:02 Путь к файлу БД: test_base.txt
2024-12-13 20:27:02 Используемый порт: 1024
2024-12-13 20:27:02 Путь к лог файлу: test_log.txt
2024-12-13 20:27:02 Путь к файлу БД: test_base.txt
2024-12-13 20:27:02 Используемый порт: 65535
2024-12-13 20:27:02 Путь к лог файлу: test_log.txt
2024-12-13 20:27:02 Путь к файлу БД: test_base.txt
2024-12-13 20:27:02 Используемый порт: 12345
2024-12-13 20:27:23 Путь к лог файлу: test_log.txt
2024-12-13 20:27:23 Путь к файлу БД: test_base.txt
2024-12-13 20:27:23 Используемый порт: 12345
2024-12-13 20:27:23 Путь к лог файлу: test_log.txt
2024-12-13 20:27:23 Путь к файлу БД: test_base.txt
2024-12-13 20:27:23 Используемый порт: 1024
2024-12-13 20:27:23 Путь к лог файлу: test_log.txt
2024-12-13 20:27:23 Путь к файлу БД: test_base.txt
2024-12-13 20:27:23 Используемый порт: 65535
2024-12-13 20:27:23 Путь к лог файлу: test_log.txt
2024-12-13 20:27:23 Путь к файлу БД: test_base.txt
2024-12-13 20:27:23 Используемый порт: 12345
2024-12-13 20:27:44 Путь к лог файлу: test_log.txt
2024-12-13 20:27:44 Путь к файлу БД: test_base.txt
2024-12-13 20:27:44 Используемый порт: 12345
2024-12-13 20:27:44 Путь к лог файлу: test_log.txt
2024-12-13 20:27:44 Путь к файлу БД: test_base.txt
2024-12-13 20:27:44 Используемый порт: 1024
2024-12-13 20:27:44 Путь к лог файлу: test_log.txt
2024-12-13 20:27:44 Путь к файлу БД: test_base.txt
2024-12-13 20:27:44 Используемый порт: 65535
2024-12-13 20:27:44 Путь к лог файлу: test_log.txt
2024-12-13 20:27:44 Путь к файлу БД: test_base.txt
2024-12-13 20:27:44 Используемый порт: 12345
2024-12-13 20:28:03 Путь к лог файлу: test_log.txt
2024-12-13 20:28:03 Путь к файлу БД: test_base.txt
2024-12-13 20:28:03 Используемый порт: 12345
2024-12-13 20:28:03 Путь к лог файлу: test_log.txt
2024-12-13 20:28:03 Путь к файлу БД: test_base.txt
2024-12-13 20:28:03 Используемый порт: 1024
2024-12-13 20:28:03 Путь к лог файлу: test_log.txt
2024-12-13 20:28:03 Путь к файлу БД: test_base.txt
2024-12-13 20:28:03 Используемый порт: 65535
2024-12-13 20:28:03 Путь к лог файлу: test_log.txt
2024-12-13 20:28:03 Путь к файлу БД: test_base.txt
2024-12-13 20:28:03 Используемый порт: 12345
2024-12-13 20:28:51 Путь к лог файлу: test_log.txt
2024-12-13 20:28:51 Путь к файлу БД: test_base.txt
2024-12-13 20:28:51 Используемый порт: 12345
2024-12-13 20:28:51 Путь к лог файлу: test_log.txt
2024-12-13 20:28:51 Путь к файлу БД: test_base.txt
2024-12-13 20:28:51 Используемый порт: 1024
2024-12-13 20:28:51 Путь к лог файлу: test_log.txt
2024-12-13 20:28:51 Путь к файлу БД: test_base.txt
2024-12-13 20:28:51 Используемый порт: 65535
2024-12-13 20:28:51 Путь к лог файлу: test_log.txt
2024-12-13 20:28:51 Путь к файлу БД: test_base.txt
2024-12-13 20:28:51 Используемый порт: 12345
2024-12-13 20:41:15 Путь к лог файлу: test_log.txt
2024-12-13 20:41:15 Путь к файлу БД: test_base.txt
2024-12-13 20:41:15 Используемый порт: 12345
2024-12-13 20:41:15 Путь к лог файлу: test_log.txt
2024-12-13 20:41:15 Путь к файлу БД: test_base.txt
2024-12-13 20:41:15 Используемый порт: 1024
2024-12-13 20:41:15 Путь к лог файлу: test_log.txt
2024-12-13 20:41:15 Путь к файлу БД: test_base.txt
2024-12-13 20:41:15 Используемый порт: 65535
2024-12-13 20:41:15 Путь к лог файлу: test_log.txt
2024-12-13 20:41:15 Путь к файлу БД: test_base.txt
2024-12-13 20:41:15 Используемый порт: 12345
2024-12-15 19:30:14 Путь к лог файлу: test_log.txt
2024-12-15 19:30:14 Путь к файлу БД: test_base.txt
2024-12-15 19:30:14 Используемый порт: 12345
2024-12-15 19:30:14 Путь к лог файлу: test_log.txt
2024-12-15 19:30:14 Путь к файлу БД: test_base.txt
2024-12-15 19:30:14 Используемый порт: 1024
2024-12-15 19:30:14 Путь к лог файлу: test_log.txt
2024-12-15 19:30:14 Путь к файлу БД: test_base.txt
2024-12-15 19:30:14 Используемый порт: 65535
2024-12-15 19:30:14 Путь к лог файлу: test_log.txt
2024-12-15 19:30:14 Путь к файлу БД: test_base.txt
2024-12-15 19:30:14 Используемый порт: 12345
2024-12-16 23:24:10 Путь к лог файлу: test_log.txt
2024-12-16 23:24:10 Путь к файлу БД: test_base.txt
2024-12-16 23:24:10 Используемый порт: 12345
2024-12-16 23:24:10 Путь к лог файлу: test_log.txt
2024-12-16 23:24:10 Путь к файлу БД: test_base.txt
2024-12-16 23:24:10 Используемый порт: 1024
2024-12-16 23:24:10 Путь к лог файлу: test_log.txt
2024-12-16 23:24:10 Путь к файлу БД: test_base.txt
2024-12-16 23:24:10 Используемый порт: 65535
2024-12-16 23:24:10 Путь к лог файлу: test_log.txt
2024-12-16 23:24:10 Путь к файлу БД: test_base.txt
2024-12-16 23:24:10 Используемый порт: 12345
2024-12-17 19:28:07 Путь к лог файлу: test_log.txt
2024-12-17 19:28:07 Путь к файлу БД: test_base.txt
2024-12-17 19:28:07 Используемый порт: 12345
2024-12-17 19:28:07 Путь к лог файлу: test_log.txt
2024-12-17 19:28:07 Путь к файлу БД: test_base.txt
2024-12-17 19:28:07 Используемый порт: 1024
2024-12-17 19:28:07 Путь к лог файлу: test_log.txt
2024-12-17 19:28:07 Путь к файлу БД: test_base.txt
2024-12-17 19:28:07 Используемый порт: 65535
2024-12-17 19:28:07 Путь к лог файлу: test_log.txt
2024-12-17 19:28:07 Путь к файлу БД: test_base.txt
2024-12-17 19:28:07 Используемый порт: 12345
2024-12-17 19:57:11 Путь к лог файлу: test_log.txt
2024-12-17 19:57:11 Путь к файлу БД: test_base.txt
2024-12-17 19:57:11 Используемый порт: 12345
2024-12-17 19:57:11 Путь к лог файлу: test_log.txt
2024-12-17 19:57:11 Путь к файлу БД: test_base.txt
2024-12-17 19:57:11 Используемый порт: 1024
2024-12-17 19:57:11 Путь к лог файлу: test_log.txt
2024-12-17 19:57:11 Путь к файлу БД: test_base.txt
2024-12-17 19:57:11 Используемый порт: 65535
2024-12-17 19:57:11 Путь к лог файлу: test_log.txt
2024-12-17 19:57:11 Путь к файлу БД: test_base.txt
2024-12-17 19:57:11 Используемый порт: 12345
2024-12-17 20:39:26 Путь к лог файлу: test_log.txt
2024-12-17 20:39:26 Путь к файлу БД: test_base.txt
2024-12-17 20:39:26 Используемый порт: 12345
2024-12-17 20:39:26 Путь к лог файлу: test_log.txt
2024-12-17 20:39:26 Путь к файлу БД: test_base.txt
2024-12-17 20:39:26 Используемый порт: 1024
2024-12-17 20:39:26 Путь к лог файлу: test_log.txt
2024-12-17 20:39:26 Путь к файлу БД: test_base.txt
2024-12-17 20:39:26 Используемый порт: 65535
2024-12-17 20:39:26 Путь к лог файлу: test_log.txt
2024-12-17 20:39:26 Путь к файлу БД: test_base.txt
2024-12-17 20:39:26 Используемый порт: 12345
2024-12-17 20:49:22 Путь к лог файлу: test_log.txt
2024-12-17 20:49:22 Путь к файлу БД: test_base.txt
2024-12-17 20:49:22 Используемый порт: 12345
2024-12-17 20:49:22 Путь к лог файлу: test_log.txt
2024-12-17 20:49:22 Путь к файлу БД: test_base.txt
2024-12-17 20:49:22 Используемый порт: 1024
2024-12-17 20:49:22 Путь к лог файлу: test_log.txt
2024-12-17 20:49:22 Путь к файлу БД: test_base.txt
2024-12-17 20:49:22 Используемый порт: 65535
2024-12-17 20:49:22 Путь к лог файлу: test_log.txt
2024-12-17 20:49:22 Путь к файлу БД: test_base.txt
2024-12-17 20:49:22 Используемый порт: 12345
2024-12-17 20:56:19 Путь к лог файлу: test_log.txt
2024-12-17 20:56:19 Путь к файлу БД: test_base.txt
2024-12-17 20:56:19 Используемый порт: 12345
2024-12-17 20:56:19 Путь к лог файлу: test_log.txt
2024-12-17 20:56:19 Путь к файлу БД: test_base.txt
2024-12-17 20:56:19 Используемый порт: 1024
2024-12-17 20:56:19 Путь к лог файлу: test_log.txt
2024-12-17 20:56:19 Путь к файлу БД: test_base.txt
2024-12-17 20:56:19 Используемый порт: 65535
2024-12-17 20:56:19 Путь к лог файлу: test_log.txt
2024-12-17 20:56:19 Путь к файлу БД: test_base.txt
2024-12-17 20:56:19 Используемый порт: 12345
2024-12-17 21:03:22 Путь к лог файлу: test_log.txt
2024-12-17 21:03:22 Путь к файлу БД: test_base.txt
2024-12-17 21:03:22 Используемый порт: 12345
2024-12-17 21:03:22 Путь к лог файлу: test_log.txt
2024-12-17 21:03:22 Путь к файлу БД: test_base.txt
2024-12-17 21:03:22 Используемый порт: 1024
2024-12-17 21:03:22 Путь к лог файлу: test_log.txt
2024-12-17 21:03:22 Путь к файлу БД: test_base.txt
2024-12-17 21:03:22 Используемый порт: 65535
2024-12-17 21:03:22 Путь к лог файлу: test_log.txt
2024-12-17 21:03:22 Путь к файлу БД: test_base.txt
2024-12-17 21:03:22 Используемый порт: 12345
2024-12-17 22:27:41 Путь к лог файлу: test_log.txt
2024-12-17 22:27:41 Путь к файлу БД: test_base.txt
2024-12-17 22:27:41 Используемый порт: 12345
2024-12-17 22:27:41 Путь к лог файлу: test_log.txt
2024-12-17 22:27:41 Путь к файлу БД: test_base.txt
2024-12-17 22:27:41 Используемый порт: 1024
2024-12-17 22:27:41 Путь к лог файлу: test_log.txt
2024-12-17 22:27:41 Путь к файлу БД: test_base.txt
2024-12-17 22:27:41 Используемый порт: 65535
2024-12-17 22:27:41 Путь к лог файлу: test_log.txt
2024-12-17 22:27:41 Путь к файлу БД: test_base.txt
2024-12-17 22:27:41 Используемый порт: 12345
